28
35
19
95
57
23
86
26
29
28
3
101
38
34
18
72
41
80
25
50
40
176
43
4
8
65
70
57
96
126
16
63
69
84
6
37
101
41
55
106
30
110
74
29
61
