9 7 9 7 7 10 8 6 10 19 10 10 7 6 6 7 7 7 7 10 6 10 8 6 8 10 6 10 7 10 7 7 7 6 7 7 6 7 8 12 8 8 6 9 6 6 8 8 8 12 10 8 10 7 9 7 7 8 5 8 8 7 8 9 5 9 9 10 7 7 8 9 7 9 7 10 6 19 7 7 10 7 10 10 7 8 17 8 8 8 8 7 8 7 7 17 9 10 5 8 5
