10667053066660860
2607156985698667
14012080244354005
6589758984407663
9974646427451773
17071444202551471
13830929470615478
18226852142882837
8901266456145382
18915509661065441
13897787277868923
4819251132829783
19536925486111315
10032452912876137
10368202715918116
14688150941902388
14321926092610430
13587688191463676
3004338677376834
2113981511828111
3450674146165779
358423348158982
189745673249448
1689726295224571
365427171126710
72206180297684
1128419952103
14904642643168
897740686369
124975813448
8987094721
931750545
16829559
21455
23416
0
0
0
0
0
0
0
0
0
0
0
0
0
0
0
0
0
0
0
0
0
0
0
0
0
0
0
0
0
0
0
0
0
0
0
0
0
0
0
0
0
0
0
0
0
0
5659296965168619
528534
0
1226301335257
28456810422008
236810
0
0
16153008662111142
73891510094177
16887093267309365
1008202547332103
6659681198579045
14691382560103926
0
19495111841343861
10442693441039336
0
8552505830194797
