1631
7226
3869
1631
2296
3626
3025
966
848
2296
2296
13320
934
2678
2296
869
723
2296
11734
2924
155
2075
21684
20111
3025
285
9202
1631
966
2296
2296
5084
3238
1729
15443
2296
3025
90
545
2296
2200
21684
350
1631
512
2296
16837
2296
1631
220
