227457176985
189190200012
34304586918
40682946835
267381070687
-44237444224
153115263270
-2595278695
180489224692
