18 8 17 18 18 12 10 6 18 15 19 7 9 19 5 15 18 18 18 18 10 10 10 11 14 18 17 6 4 8 13 11 18 16 18 15 12 15 13 9
