232
3 8 9 10 14 16 17 19 20 21 24 32 37 39 41 43 45 46 47 48 49 57 60 65 70 73 79 88 89 90 92 95 97 98 99 101 105 108 109 115 118 127 129 133 135 136 141 146 148 151 152 155 156 157 177 182 183 189 197 198 203 207 208 211 221 230 232 239 240 247 249 263 264 268 271 272 276 280 282 287 288 291 296 299 304 305 322 326 332 335 337 338 343 345 347 348 354 356 357 358 368 374 381 388 390 392 395 400 401 402 405 406 407 412 425 426 428 429 433 435 441 446 447 449 452 453 454 457 467 472 473 475 477 478 480 486 492 493 494 496 499 510 513 514 522 526 528 531 533 534 535 539 540 542 543 546 556 557 559 562 563 565 566 567 568 569 570 578 579 581 584 585 586 587 590 593 598 604 608 609 610 612 618 623 625 626 628 630 631 636 638 645 648 658 660 664 673 680 682 684 685 687 689 690 692 694 697 698 706 712 715 717 721 726 727 733 742 743 748 749 752 753 760 761 763 771 776 778 784 785 787 800 