13628122196
42214811056
44533271278
91620463446
86494341560
70436704919
115436739264
92178705750
314655200656
231079048750
265696732785
290300851596
299022885060
464235749928
250675406280
0
310037487840
189248569526
302668868970
411565538688
242729545464
600270826228
625584305310
685853409120
517878440056
540016495185
335473171260
380484154960
864767349656
686253780992
563326184736
506110825101
441856632140
330888936996
695290561103
649158471828
386415197936
729242590560
707228218314
484034217368
521586030364
585958250520
567234101196
590950596780
768517677284
796449176425
423920493274
785852872728
549088200084
505191810140
577697079052
739032221742
616258355067
725229378872
548620938019
529377866528
717431641074
685396034344
