144 122 134 125 52 113 135 131 126 118 69 136 66 56 92 116 84 104 55 137 142 87 78 121 73 112 149 67 110 132 83 106 108 64 114 53 90 133 70 72 130 103 96 82 102 57 120 119 146 139 1 75 54 129 89 59 79 77 76 127 115 93 140 81 94 60 143 63 148 91 141 68 107 105 101 65 85 86 124 97 80 61 62 71 99 123 109 98 100 88 95 145 58 74 138 51 128 117 149 147 111
