2296
8537
285
5084
710
4631
6107
301
15635
934
6512
2881
44474
7143
1226
9330
3368
301
15443
2296
1631
4291
220
2296
480
3869
15443
934
1356
1346
