1 5314
3 3335
3 3
0 6489
3 2649
1 3914
3 5246
4 5842
5 6641
1 1891
5 1839
3 1690
5 299
6 4262
0 3696
0 6076
5 3995
2 6015
4 6885
0 4648
3 787
