684094614
965415784
726520888
634766739
122605179
394889124
912979050
496715962
145059480
337267290
