10003 10003 10004 10003 10004 10003 10003 10003 10003
