4988
7143
512
2296
723
3869
1631
966
9202
512
934
220
934
5084
2750
1226
2296
2296
9202
723
47160
14441
2296
2750
9155
11990
1729
2296
8537
966
15635
966
301
723
9202
2296
2296
9330
4988
1145
1631
1567
5084
3869
3869
512
3869
966
934
1226
911
266
301
1583
2297
2296
723
723
2296
5084
11990
934
3530
2296
2296
934
3869
8537
723
2296
3025
2296
848
1940
8396
2075
723
3869
3869
2750
934
691
512
934
2622
2961
301
3626
12155
966
1631
3869
3025
3025
18896
11990
8537
9330
2296
350
2296
8537
220
512
934
1145
2750
220
7143
3626
3869
2296
8537
155
1631
723
301
2961
5084
723
2075
3869
415
869
1145
377
1631
8588
4988
2961
723
8393
415
7143
4988
723
3884
22349
3626
2961
966
966
1989
675
1211
5442
3626
934
966
2296
512
3773
1989
7226
723
4291
2750
512
1631
1631
18896
488
350
512
5084
4988
2232
869
3626
33710
4988
869
7143
2750
9202
3773
1583
20111
934
723
3626
2296
3869
285
2961
512
10274
966
2750
488
966
2296
2296
2296
6951
5084
6107
4988
7143
90
