44 44 49 40 48 47 45 39 45 47 45 39 39 41 44 39 39 43 42 44 49 39 49 44 40 42 46 41 49 44 41 49 49 49 43 43 43 49 48 46 47 47 41 49 42 41 46 47 47 49 44 41 46 46 46 45 46 45 45 48 46 41 40 46 43 40 49 45 49 48 40 39 41 41 49 46 47 43 40 45 47 49 49 49 40 42 40 42 41 42 39 49 39 47 48 45 42 41 3 48 44 48 49 45 44 45 43 42 43 39 44 40 40 49 41 43 48 48 46 47 39 48 43 45 47 49 42 40 49 39 47 42 43 48 48 42 42 40 44 44 49 49 46 43 49
