175941500
470048089
358884226
289869117
477487064
232974898
696947090
271375928
856200451
358785902
