1107 1107 1107 1106 1106 1107 1106 1106 1107 1107 1106 1106 1107 1107 1107 1107 1107 1107 1106 1107 1106 1107 1106 1106 1107 1106 1106 1107 1107 1107 1107 1107 1106 1106 1107 1106 1106 1107 1107 1107 1106 1106 1106 1107 1107 1106 1107 1106 1107 1106 1107 1106 1107 1106 1107 1106 1107 1107 1107 1107 1106 1107 1106 1107 1107 1106 1107 1106 1107 1107 1106 1106 1107 1107 1106 1106 1106 1107 1107 1107 1106 1106 1107 1107 1106 1107 1107 1106 1107 1107
