4291
1226
4988
2296
2961
1631
301
2296
1729
488
1940
15443
966
9330
9202
512
5084
1940
7226
7143
301
8345
242
36737
7015
934
3626
545
1145
723
155
4487
2296
966
1631
2961
6512
90
36737
3025
723
377
1729
301
934
220
2961
934
1631
3626
2296
1631
3025
2735
723
34550
1226
966
220
11798
9155
966
1631
1631
1940
3869
285
4956
1631
5442
6512
8345
512
512
5084
6107
15635
5084
3011
2654
34166
2296
7143
5084
2296
3025
512
4631
350
2296
966
1631
1778
1631
1631
723
11990
11990
377
723
