15 40 35 51 42 24 51 26 46 60 25 33 21 8 16 34 9 45 61 30 21 5 19 6 12 31 57 50 38 36 45 47 44 43 61 7 46 29 54 52 27 55 18 2 49 32 48 62 23 28 22 42 20 39 56 13 10 59 37 4 56 41 3 14 58 17 11 55 53 62
