2
2
613
250
812
7
940
304
122
122
148
408
52
86
86
54
452
831
513
341
341
483
305
305
7
7
283
419
7
201
27
259
59
657
372
71
167
167
167
167
167
167
141
145
371
7
7
497
108
286
286
286
478
345
371
8
204
204
38
8
8
8
8
8
8
8
8
8
8
8
8
8
8
8
8
8
8
8
8
8
8
8
8
198
198
8
128
128
319
319
529
529
590
22
22
10
537
312
10
10
60
10
10
10
10
10
10
556
556
11
484
49
432
363
11
23
471
11
11
222
33
11
480
302
11
11
11
11
157
11
11
11
11
11
11
11
11
11
11
11
11
11
15
157
157
157
11
11
157
11
11
11
11
11
11
11
11
11
11
11
11
11
11
29
29
11
269
253
15
37
37
203
11
11
11
11
11
11
11
37
11
11
21
118
118
118
481
12
12
12
12
68
22
24
12
12
12
12
12
12
