5184
1728
3744
3456
3840
5184
4032
3264
5376
11520
