126
126
126
63
65
65
65
45
10
10
10
10
18
18
18
18
18
29
29
29
14
14
14
14
14
14
14
14
37
14
14
14
14
14
12
12
12
12
12
12
12
12
10
10
10
10
10
10
10
10
12
17
17
17
17
17
17
17
17
17
4
4
4
4
4
4
4
4
4
4
4
4
4
4
4
4
4
4
4
4
4
4
4
4
4
4
4
4
4
4
4
4
4
4
13
13
13
29
29
29
5
5
5
5
5
5
15
15
15
15
15
15
15
15
13
13
13
13
13
13
11
11
11
35
35
21
4
4
4
4
4
25
35
25
4
4
4
4
4
4
4
4
4
4
4
4
4
4
4
4
4
4
4
4
4
8
8
4
4
4
10
10
10
12
23
23
7
7
7
7
7
7
7
7
7
5
5
5
5
7
5
5
5
5
5
5
11
11
11
11
33
8
8
8
8
8
14
14
4
6
6
6
6
6
6
6
6
6
6
6
12
12
8
8
8
6
6
10
12
12
12
12
12
10
17
17
17
17
17
17
17
17
17
17
17
17
23
15
23
23
23
23
5
5
17
58
58
58
58
14
14
14
14
6
12
12
12
6
6
6
6
6
6
6
6
6
6
6
6
6
6
8
6
22
6
6
6
16
2
18
18
18
18
2
2
10
10
26
26
26
26
26
26
26
12
12
10
10
20
20
