46 47 49 47 48 49 48 48 49 46 46 46 49 46 49 48 49 48 48 49 49 47 48 49 47 49 49 49 3 48 48 49 49 49 49 48 46 49 47 47 47 46 47 47 46 47 46 48 46 49 49 49 46 47 46 49 48 49 49 47 49
