2351786069480362
19064380362933421
16816740846399068
4052080216466469
7947417961990434
16092588182609791
11930375954881556
10885025303099368
10981628315571482
2232586676221949
7739825693940416
8081968010700579
19546432099550647
10692576609827052
7155500730884949
13193265800964936
13864330230323285
10511934870571249
11906812384077478
2632222215899493
4009891756785806
1045662527824246
808041619998295
47575280513090
203538498051518
3441666238477
33934052784011
309102331730
568060214216
103769483920
21368953664
2720813244
110434214
2533056
23416
0
0
0
0
0
0
0
0
0
0
0
0
0
0
0
0
0
0
0
0
0
0
0
0
0
0
0
0
0
0
0
0
0
0
0
0
0
0
0
0
0
0
0
0
0
0
5659296965168619
528534
0
1226301335257
28456810422008
236810
0
0
16153008662111142
73891510094177
16887093267309365
1008202547332103
6659681198579045
14691382560103926
0
19495111841343861
10442693441039336
0
8552505830194797
