63475681968
58682022006
202987199948
76200309384
247299025048
249470957832
218694756321
247526715087
49222044372
308362491112
571939672745
369603205328
647806875949
551357963512
548360632846
272741207176
371882479932
557332161588
858924682746
325420006938
512639996928
868805802900
624470051310
