37 52 54 6 40 29 68 7 47 27 67 43 13 34 61 56 32 39 3 19 55 33 45 24 25 63 45 21 10 65 8 48 30 17 60 62 44 35 18 42 29 28 67 21 22 67 5 50 1 31 15 23 12 51 41 26 46 11 66 16 60 68 54 36 27 32 26 38 53 57 34 49 59 64 9 14 4 20 56 58
