47 5615
2 60
46 4280
7 877
45 6889
33 3803
52 1618
39 2881
40 330
50 2022
18 6688
16 1582
39 2591
43 3117
53 1851
51 457
12 1056
32 5194
47 163
52 516
25 3041
5 6501
28 2406
13 13
19 6631
43 681
39 1895
46 220
14 72
42 6480
11 6855
7 5343
8 878
38 2242
52 4924
49 5617
50 2254
18 5064
40 4274
27 1245
16 3148
17 6165
34 5312
49 5965
41 6711
46 3990
23 139
15 6801
53 3997
25 4607
6 3196
51 4343
35 3921
52 4866
40 3114
1 349
32 4672
46 3062
23 2865
36 4386
55 5855
24 5476
23 5997
30 4612
34 1078
41 3347
19 6283
8 2212
0 2262
19 367
36 1138
48 2194
12 1114
35 5255
52 4344
56 1680
53 5795
33 3513
37 4967
32 554
32 1076
53 1387
23 2285
37 6533
44 5090
7 181
45 1669
