61
61
62
62
84
70
82
82
82
74
74
68
49
57
57
61
61
61
41
41
59
59
59
81
81
61
61
57
75
65
65
65
73
62
62
68
72
72
66
54
56
56
54
70
68
86
58
53
46
61
61
44
22
20
26
16
16
16
22
22
22
10
10
10
6
8
8
8
10
10
4
4
10
4
8
6
6
6
6
6
10
6
6
4
6
6
4
4
4
4
4
6
6
6
4
2
2
2
4
6
6
8
4
4
4
4
4
4
4
4
4
2
2
2
2
2
2
2
2
2
2
2
2
2
2
2
2
2
2
2
2
