18 13 80 3 46 5 52 17 77 76 61 4 45 71 22 30 11 75 54 62 26 43 41 35 60 40 34 21 79 2 54 81 14 53 66 51 47 24 65 44 57 56 23 27 80 59 68 9 48 66 40 72 82 80 28 7 15 19 8 73 37 58 63 20 62 6 55 16 49 67 36 42 64 78 50 12 62 33 25 82 10 29 74 32 31 38 39 69 70 46
