26549476452
49576496648
58401376602
61596603222
35976481684
21622104564
121506676952
149486606728
92774449536
186831888708
179773779223
171010946736
196251371210
185508817695
236204322884
231102970472
248325486750
245306824080
304797662180
184286119680
319300923810
432079264240
361475663788
299734564960
449901831480
557326048560
514858521360
412922475222
567893511543
389789521329
513448076781
492645964230
306513575576
728367130146
429199239390
452396381010
452309682607
842999961268
729036453024
666198914490
663728755436
390076483740
0
666145031649
532335700000
401960487152
373992020742
848414451296
649578772942
456711837380
367212921408
471519484696
386301601448
517028715180
777537737686
541413122034
