26
26
26
26
26
26
48
40
24
40
38
30
20
26
48
40
22
22
14
28
14
14
14
14
8
6
6
6
6
10
6
6
14
16
16
28
28
24
30
30
30
30
30
30
20
16
14
14
18
18
18
16
16
16
12
12
30
30
30
26
28
28
20
34
20
12
22
30
32
20
20
14
14
10
10
16
18
22
22
14
14
18
14
14
16
16
12
10
10
10
14
14
16
16
14
14
16
16
12
16
12
16
10
10
14
12
10
12
10
10
10
10
12
12
12
12
12
16
16
16
10
10
20
20
20
10
10
10
10
14
10
10
14
16
