245648024
245648024
245648024
245648024
245648024
245648024
245648024
245648024
245648024
245648024
