559696224
2195884530
23865199071
44662154176
36082398312
53132135116
40065553308
27972017854
50538823570
99601726150
81105733275
137720279088
180989952234
175022146708
126255276882
264602762650
238593487686
170244704152
198307578978
145807173894
88425186298
135051103146
138721126152
90771323458
309317519848
237457961544
342519625632
306825187490
450122574209
271485639648
429653870064
159552395136
507063383750
486673375834
550059863796
510443165841
272051466912
381479437010
592561716365
626673896220
383575392504
490239818438
551985014646
353795929508
644258707372
429729063972
389157161280
441813761910
472031482440
493915470468
595443941232
621404198184
