179
1 6 7 9 14 15 18 25 27 28 29 31 42 44 45 64 72 75 77 78 79 80 85 87 94 95 97 101 103 107 121 123 126 132 133 134 135 142 143 145 146 150 151 156 160 161 164 168 170 174 176 182 185 188 192 193 195 198 204 205 209 212 213 215 218 219 235 240 243 244 253 254 263 266 270 271 272 274 275 276 278 279 282 284 286 287 295 297 299 301 303 305 309 313 314 318 325 326 327 329 331 334 336 342 345 347 349 353 359 362 363 368 371 372 376 381 383 384 388 390 396 398 400 407 409 413 415 426 428 437 440 446 449 453 456 462 463 466 467 473 474 476 481 485 488 490 491 493 494 495 496 502 503 504 506 507 510 511 515 516 530 535 539 540 544 551 554 557 560 564 566 576 578 583 585 589 591 592 595 