3025
22349
869
1940
11990
9202
3025
4956
266
13320
1729
34550
3869
2750
3869
1226
8537
7143
2961
4988
966
7143
1631
2296
220
1631
8537
2296
6368
377
512
2961
1567
1226
1631
220
5090
3025
7143
3025
512
3869
1631
301
3025
5084
1631
2678
723
1583
1583
966
723
7143
3025
1631
3869
2075
723
9202
7143
3869
2296
723
723
2750
5084
1631
966
3869
